2024/12/23 22:42:34 [warning] [module.default.controller.site.error] [T: 631.166] [M: 7651.3] 404: Unable to resolve the request "assets/c0d40ba/notify/notify.min.js".
	URL: [GET]/assets/c0d40ba/notify/notify.min.js
	User IP: 192.168.1.34
	Referrer: http://localhost:84/
in C:\Projects\Staging\protected\components\Logger.php (85)
in C:\Projects\Staging\protected\components\Logger.php (132)
in C:\Projects\Staging\protected\components\Logger.php (216)
2024/12/23 22:43:25 [warning] [module.default.controller.site.error] [T: 197.999] [M: 7651.32] 404: Unable to resolve the request "favicon.ico".
	URL: [GET]/favicon.ico
	User IP: 192.168.1.34
	Referrer: http://localhost:84/supplier/user/signin
in C:\Projects\Staging\protected\components\Logger.php (85)
in C:\Projects\Staging\protected\components\Logger.php (132)
in C:\Projects\Staging\protected\components\Logger.php (216)
2025/01/02 22:16:39 [warning] [module.default.controller.site.error] [T: 580.079] [M: 7652.4] 404: Unable to resolve the request "assets/c0d40ba/notify/notify.min.js".
	URL: [GET]/assets/c0d40ba/notify/notify.min.js
	User IP: 192.168.1.36
	Referrer: http://localhost:84/
in C:\Projects\Staging\protected\components\Logger.php (85)
in C:\Projects\Staging\protected\components\Logger.php (132)
in C:\Projects\Staging\protected\components\Logger.php (216)
2025/01/02 22:21:42 [warning] [module.default.controller.site.error] [T: 520.913] [M: 7652.4] 404: Unable to resolve the request "assets/c0d40ba/notify/notify.min.js".
	URL: [GET]/assets/c0d40ba/notify/notify.min.js
	User IP: 192.168.1.36
	Referrer: http://localhost:84/
in C:\Projects\Staging\protected\components\Logger.php (85)
in C:\Projects\Staging\protected\components\Logger.php (132)
in C:\Projects\Staging\protected\components\Logger.php (216)
2025/01/02 22:28:50 [warning] [module.default.controller.site.error] [T: 462.215] [M: 7652.38] 404: Unable to resolve the request "favicon.ico".
	URL: [GET]/favicon.ico
	User IP: 192.168.1.36
	Referrer: http://localhost:84/supplier/user/signin
in C:\Projects\Staging\protected\components\Logger.php (85)
in C:\Projects\Staging\protected\components\Logger.php (132)
in C:\Projects\Staging\protected\components\Logger.php (216)
2025/01/02 22:34:29 [warning] [module.default.controller.site.error] [T: 476.258] [M: 8046.89] 404: Unable to resolve the request "res/supplier-assets/vendors/css/charts/apexcharts.css".
	URL: [GET]/res/supplier-assets/vendors/css/charts/apexcharts.css
	User IP: 192.168.1.36
in C:\Projects\Staging\protected\components\Logger.php (85)
in C:\Projects\Staging\protected\components\Logger.php (132)
in C:\Projects\Staging\protected\components\Logger.php (216)
2025/01/02 22:35:44 [warning] [module.default.controller.site.error] [T: 187.047] [M: 8046.89] 404: Unable to resolve the request "res/supplier-assets/vendors/css/charts/apexcharts.css".
	URL: [GET]/res/supplier-assets/vendors/css/charts/apexcharts.css
	User IP: 192.168.1.36
in C:\Projects\Staging\protected\components\Logger.php (85)
in C:\Projects\Staging\protected\components\Logger.php (132)
in C:\Projects\Staging\protected\components\Logger.php (216)
2025/01/02 22:42:54 [warning] [module.default.controller.site.error] [T: 320.523] [M: 8046.83] 404: Unable to resolve the request "res/supplier-assets/images/profile-cover.png".
	URL: [GET]/res/supplier-assets/images/profile-cover.png
	User IP: 192.168.1.36
in C:\Projects\Staging\protected\components\Logger.php (85)
in C:\Projects\Staging\protected\components\Logger.php (132)
in C:\Projects\Staging\protected\components\Logger.php (216)
2025/01/02 22:42:54 [warning] [module.default.controller.site.error] [T: 125.71] [M: 8046.83] 404: Unable to resolve the request "res/supplier-assets/images/coming-soon.jpg".
	URL: [GET]/res/supplier-assets/images/coming-soon.jpg
	User IP: 192.168.1.36
in C:\Projects\Staging\protected\components\Logger.php (85)
in C:\Projects\Staging\protected\components\Logger.php (132)
in C:\Projects\Staging\protected\components\Logger.php (216)
2025/01/02 22:42:54 [warning] [module.default.controller.site.error] [T: 249.935] [M: 8046.83] 404: Unable to resolve the request "res/supplier-assets/images/coming-soon.jpg".
	URL: [GET]/res/supplier-assets/images/coming-soon.jpg
	User IP: 192.168.1.36
in C:\Projects\Staging\protected\components\Logger.php (85)
in C:\Projects\Staging\protected\components\Logger.php (132)
in C:\Projects\Staging\protected\components\Logger.php (216)
2025/01/02 22:42:54 [warning] [module.default.controller.site.error] [T: 156.349] [M: 8046.83] 404: Unable to resolve the request "res/supplier-assets/images/coming-soon.jpg".
	URL: [GET]/res/supplier-assets/images/coming-soon.jpg
	User IP: 192.168.1.36
in C:\Projects\Staging\protected\components\Logger.php (85)
in C:\Projects\Staging\protected\components\Logger.php (132)
in C:\Projects\Staging\protected\components\Logger.php (216)
2025/01/02 22:42:54 [warning] [module.default.controller.site.error] [T: 142.295] [M: 8046.83] 404: Unable to resolve the request "res/supplier-assets/images/coming-soon.jpg".
	URL: [GET]/res/supplier-assets/images/coming-soon.jpg
	User IP: 192.168.1.36
in C:\Projects\Staging\protected\components\Logger.php (85)
in C:\Projects\Staging\protected\components\Logger.php (132)
in C:\Projects\Staging\protected\components\Logger.php (216)
2025/01/02 22:42:55 [warning] [module.default.controller.site.error] [T: 128.404] [M: 8046.83] 404: Unable to resolve the request "res/supplier-assets/images/coming-soon.jpg".
	URL: [GET]/res/supplier-assets/images/coming-soon.jpg
	User IP: 192.168.1.36
in C:\Projects\Staging\protected\components\Logger.php (85)
in C:\Projects\Staging\protected\components\Logger.php (132)
in C:\Projects\Staging\protected\components\Logger.php (216)
2025/01/02 22:42:55 [warning] [module.default.controller.site.error] [T: 187.108] [M: 8046.83] 404: Unable to resolve the request "res/supplier-assets/images/coming-soon.jpg".
	URL: [GET]/res/supplier-assets/images/coming-soon.jpg
	User IP: 192.168.1.36
in C:\Projects\Staging\protected\components\Logger.php (85)
in C:\Projects\Staging\protected\components\Logger.php (132)
in C:\Projects\Staging\protected\components\Logger.php (216)
2025/01/02 22:42:56 [warning] [module.default.controller.site.error] [T: 415.213] [M: 8050.48] 404: Unable to resolve the request "images//supplier/gozo-partner.svg".
	URL: [GET]/images//supplier/gozo-partner.svg
	User IP: 192.168.1.36
	Referrer: http://localhost:84/supplier/user/signin
in C:\Projects\Staging\protected\components\Logger.php (85)
in C:\Projects\Staging\protected\components\Logger.php (132)
in C:\Projects\Staging\protected\components\Logger.php (216)
2025/01/02 22:43:00 [warning] [module.default.controller.site.error] [T: 293.547] [M: 7653.73] 404: Unable to resolve the request "images//supplier/gozo-partner.svg".
	URL: [GET]/images//supplier/gozo-partner.svg
	User IP: 192.168.1.36
	Referrer: http://localhost:84/supplier/user/signin
in C:\Projects\Staging\protected\components\Logger.php (85)
in C:\Projects\Staging\protected\components\Logger.php (132)
in C:\Projects\Staging\protected\components\Logger.php (216)
2025/01/02 22:56:48 [warning] [module.default.controller.site.error] [T: 141.994] [M: 7653.73] 404: Unable to resolve the request "images//supplier/gozo-partner.svg".
	URL: [GET]/images//supplier/gozo-partner.svg
	User IP: 192.168.1.36
	Referrer: http://localhost:84/supplier/user/signin
in C:\Projects\Staging\protected\components\Logger.php (85)
in C:\Projects\Staging\protected\components\Logger.php (132)
in C:\Projects\Staging\protected\components\Logger.php (216)
2025/01/02 22:57:15 [warning] [module.default.controller.site.error] [T: 368.864] [M: 7753.88] 404: Unable to resolve the request "js/gozo/followUp.js".
	URL: [GET]/js/gozo/followUp.js?v=8.113
	User IP: 192.168.1.36
	Referrer: http://localhost:84/aaohome/index/changepassword
in C:\Projects\Staging\protected\components\Logger.php (85)
in C:\Projects\Staging\protected\components\Logger.php (132)
in C:\Projects\Staging\protected\components\Logger.php (216)
2025/01/02 22:57:15 [warning] [module.default.controller.site.error] [T: 283.653] [M: 7754.04] 404: Unable to resolve the request "images/logo2_outstation.png".
	URL: [GET]/images/logo2_outstation.png?v1.1
	User IP: 192.168.1.36
	Referrer: http://localhost:84/aaohome/index/changepassword
in C:\Projects\Staging\protected\components\Logger.php (85)
in C:\Projects\Staging\protected\components\Logger.php (132)
in C:\Projects\Staging\protected\components\Logger.php (216)
2025/01/02 22:57:16 [warning] [module.default.controller.site.error] [T: 181.486] [M: 7655.52] 404: Unable to resolve the request "images/ajax-loader.gif".
	URL: [GET]/images/ajax-loader.gif
	User IP: 192.168.1.36
	Referrer: http://localhost:84/aaohome/index/changepassword
in C:\Projects\Staging\protected\components\Logger.php (85)
in C:\Projects\Staging\protected\components\Logger.php (132)
in C:\Projects\Staging\protected\components\Logger.php (216)
2025/01/02 23:02:57 [warning] [module.default.controller.site.error] [T: 250.563] [M: 7753.88] 404: Unable to resolve the request "js/gozo/followUp.js".
	URL: [GET]/js/gozo/followUp.js?v=8.113
	User IP: 192.168.1.36
	Referrer: http://localhost:84/aaohome/index/dashboard
in C:\Projects\Staging\protected\components\Logger.php (85)
in C:\Projects\Staging\protected\components\Logger.php (132)
in C:\Projects\Staging\protected\components\Logger.php (216)
2025/01/02 23:02:57 [warning] [module.default.controller.site.error] [T: 290.822] [M: 7754.04] 404: Unable to resolve the request "images/logo2_outstation.png".
	URL: [GET]/images/logo2_outstation.png?v1.1
	User IP: 192.168.1.36
	Referrer: http://localhost:84/aaohome/index/dashboard
in C:\Projects\Staging\protected\components\Logger.php (85)
in C:\Projects\Staging\protected\components\Logger.php (132)
in C:\Projects\Staging\protected\components\Logger.php (216)
2025/01/02 23:02:58 [warning] [module.default.controller.site.error] [T: 437.546] [M: 7655.52] 404: Unable to resolve the request "images/ajax-loader.gif".
	URL: [GET]/images/ajax-loader.gif
	User IP: 192.168.1.36
	Referrer: http://localhost:84/aaohome/index/dashboard
in C:\Projects\Staging\protected\components\Logger.php (85)
in C:\Projects\Staging\protected\components\Logger.php (132)
in C:\Projects\Staging\protected\components\Logger.php (216)
2025/01/02 23:03:15 [warning] [module.default.controller.site.error] [T: 520.295] [M: 7753.88] 404: Unable to resolve the request "js/gozo/followUp.js".
	URL: [GET]/js/gozo/followUp.js?v=8.113
	User IP: 192.168.1.36
	Referrer: http://localhost:84/aaohome/message/list
in C:\Projects\Staging\protected\components\Logger.php (85)
in C:\Projects\Staging\protected\components\Logger.php (132)
in C:\Projects\Staging\protected\components\Logger.php (216)
2025/01/02 23:03:15 [warning] [module.default.controller.site.error] [T: 577.824] [M: 7754.04] 404: Unable to resolve the request "images/logo2_outstation.png".
	URL: [GET]/images/logo2_outstation.png?v1.1
	User IP: 192.168.1.36
	Referrer: http://localhost:84/aaohome/message/list
in C:\Projects\Staging\protected\components\Logger.php (85)
in C:\Projects\Staging\protected\components\Logger.php (132)
in C:\Projects\Staging\protected\components\Logger.php (216)
2025/01/02 23:03:15 [warning] [module.default.controller.site.error] [T: 168.789] [M: 7655.52] 404: Unable to resolve the request "images/ajax-loader.gif".
	URL: [GET]/images/ajax-loader.gif
	User IP: 192.168.1.36
	Referrer: http://localhost:84/aaohome/message/list
in C:\Projects\Staging\protected\components\Logger.php (85)
in C:\Projects\Staging\protected\components\Logger.php (132)
in C:\Projects\Staging\protected\components\Logger.php (216)
2025/01/02 23:03:22 [warning] [module.default.controller.site.error] [T: 504.857] [M: 7753.88] 404: Unable to resolve the request "js/gozo/followUp.js".
	URL: [GET]/js/gozo/followUp.js?v=8.113
	User IP: 192.168.1.36
	Referrer: http://localhost:84/aaohome/message/list
in C:\Projects\Staging\protected\components\Logger.php (85)
in C:\Projects\Staging\protected\components\Logger.php (132)
in C:\Projects\Staging\protected\components\Logger.php (216)
2025/01/02 23:03:22 [warning] [module.default.controller.site.error] [T: 646.703] [M: 7754.04] 404: Unable to resolve the request "images/logo2_outstation.png".
	URL: [GET]/images/logo2_outstation.png?v1.1
	User IP: 192.168.1.36
	Referrer: http://localhost:84/aaohome/message/list
in C:\Projects\Staging\protected\components\Logger.php (85)
in C:\Projects\Staging\protected\components\Logger.php (132)
in C:\Projects\Staging\protected\components\Logger.php (216)
2025/01/02 23:03:23 [warning] [module.default.controller.site.error] [T: 226.085] [M: 7655.52] 404: Unable to resolve the request "images/ajax-loader.gif".
	URL: [GET]/images/ajax-loader.gif
	User IP: 192.168.1.36
	Referrer: http://localhost:84/aaohome/message/list
in C:\Projects\Staging\protected\components\Logger.php (85)
in C:\Projects\Staging\protected\components\Logger.php (132)
in C:\Projects\Staging\protected\components\Logger.php (216)
2025/01/02 23:14:17 [warning] [module.default.controller.site.error] [T: 567.811] [M: 7710.28] 404: Unable to resolve the request "vendor/cssTheme/style.css".
	URL: [GET]/vendor/cssTheme/style.css
	User IP: 192.168.1.36
	Referrer: http://localhost:84/vendor/join
in C:\Projects\Staging\protected\components\Logger.php (85)
in C:\Projects\Staging\protected\components\Logger.php (132)
in C:\Projects\Staging\protected\components\Logger.php (216)
2025/01/02 23:14:17 [warning] [module.default.controller.site.error] [T: 628.492] [M: 7710.38] 404: Unable to resolve the request "vendor/bootstrap/css/bootstrap.min.css".
	URL: [GET]/vendor/bootstrap/css/bootstrap.min.css
	User IP: 192.168.1.36
	Referrer: http://localhost:84/vendor/join
in C:\Projects\Staging\protected\components\Logger.php (85)
in C:\Projects\Staging\protected\components\Logger.php (132)
in C:\Projects\Staging\protected\components\Logger.php (216)
2025/01/02 23:14:17 [warning] [module.default.controller.site.error] [T: 774.236] [M: 7710.37] 404: Unable to resolve the request "vendor/cssTheme/owl.carousel.css".
	URL: [GET]/vendor/cssTheme/owl.carousel.css
	User IP: 192.168.1.36
	Referrer: http://localhost:84/vendor/join
in C:\Projects\Staging\protected\components\Logger.php (85)
in C:\Projects\Staging\protected\components\Logger.php (132)
in C:\Projects\Staging\protected\components\Logger.php (216)
2025/01/02 23:14:17 [warning] [module.default.controller.site.error] [T: 920.423] [M: 7710.38] 404: Unable to resolve the request "vendor/cssTheme/owl.theme.default.css".
	URL: [GET]/vendor/cssTheme/owl.theme.default.css
	User IP: 192.168.1.36
	Referrer: http://localhost:84/vendor/join
in C:\Projects\Staging\protected\components\Logger.php (85)
in C:\Projects\Staging\protected\components\Logger.php (132)
in C:\Projects\Staging\protected\components\Logger.php (216)
2025/01/02 23:14:17 [warning] [module.default.controller.site.error] [T: 1130.625] [M: 7710.59] 404: Unable to resolve the request "vendor/bootstrap/js/bootstrap.bundle.min.js".
	URL: [GET]/vendor/bootstrap/js/bootstrap.bundle.min.js
	User IP: 192.168.1.36
	Referrer: http://localhost:84/vendor/join
in C:\Projects\Staging\protected\components\Logger.php (85)
in C:\Projects\Staging\protected\components\Logger.php (132)
in C:\Projects\Staging\protected\components\Logger.php (216)
2025/01/02 23:14:17 [warning] [module.default.controller.site.error] [T: 1144.946] [M: 7655.46] 404: Unable to resolve the request "assets/c0d40ba/notify/notify.min.js".
	URL: [GET]/assets/c0d40ba/notify/notify.min.js
	User IP: 192.168.1.36
	Referrer: http://localhost:84/vendor/join
in C:\Projects\Staging\protected\components\Logger.php (85)
in C:\Projects\Staging\protected\components\Logger.php (132)
in C:\Projects\Staging\protected\components\Logger.php (216)
2025/01/02 23:14:17 [warning] [module.default.controller.site.error] [T: 629.653] [M: 7710.27] 404: Unable to resolve the request "vendor/images/logo.svg".
	URL: [GET]/vendor/images/logo.svg
	User IP: 192.168.1.36
	Referrer: http://localhost:84/vendor/join
in C:\Projects\Staging\protected\components\Logger.php (85)
in C:\Projects\Staging\protected\components\Logger.php (132)
in C:\Projects\Staging\protected\components\Logger.php (216)
2025/01/02 23:14:18 [warning] [module.default.controller.site.error] [T: 663.878] [M: 7710.41] 404: Unable to resolve the request "vendor/images/phone-icon.svg".
	URL: [GET]/vendor/images/phone-icon.svg
	User IP: 192.168.1.36
	Referrer: http://localhost:84/vendor/join
in C:\Projects\Staging\protected\components\Logger.php (85)
in C:\Projects\Staging\protected\components\Logger.php (132)
in C:\Projects\Staging\protected\components\Logger.php (216)
2025/01/02 23:14:18 [warning] [module.default.controller.site.error] [T: 130] [M: 7710.38] 404: Unable to resolve the request "vendor/images/favicon.png".
	URL: [GET]/vendor/images/favicon.png
	User IP: 192.168.1.36
	Referrer: http://localhost:84/vendor/join
in C:\Projects\Staging\protected\components\Logger.php (85)
in C:\Projects\Staging\protected\components\Logger.php (132)
in C:\Projects\Staging\protected\components\Logger.php (216)
2025/01/02 23:14:45 [warning] [module.default.controller.site.error] [T: 161.047] [M: 7753.88] 404: Unable to resolve the request "js/gozo/followUp.js".
	URL: [GET]/js/gozo/followUp.js?v=8.113
	User IP: 192.168.1.36
	Referrer: http://localhost:84/aaohome/message/list
in C:\Projects\Staging\protected\components\Logger.php (85)
in C:\Projects\Staging\protected\components\Logger.php (132)
in C:\Projects\Staging\protected\components\Logger.php (216)
2025/01/02 23:14:45 [warning] [module.default.controller.site.error] [T: 281.311] [M: 7754.04] 404: Unable to resolve the request "images/logo2_outstation.png".
	URL: [GET]/images/logo2_outstation.png?v1.1
	User IP: 192.168.1.36
	Referrer: http://localhost:84/aaohome/message/list
in C:\Projects\Staging\protected\components\Logger.php (85)
in C:\Projects\Staging\protected\components\Logger.php (132)
in C:\Projects\Staging\protected\components\Logger.php (216)
2025/01/02 23:14:45 [warning] [module.default.controller.site.error] [T: 143.826] [M: 7655.52] 404: Unable to resolve the request "images/ajax-loader.gif".
	URL: [GET]/images/ajax-loader.gif
	User IP: 192.168.1.36
	Referrer: http://localhost:84/aaohome/message/list
in C:\Projects\Staging\protected\components\Logger.php (85)
in C:\Projects\Staging\protected\components\Logger.php (132)
in C:\Projects\Staging\protected\components\Logger.php (216)
